[html5.gamedistribution.com/rvvASMiM/3b79a8537ebc414fb4f9672a9b8c68c8/indexe55e.html]
[backblue.gif]
[fade.gif]
[index.html]
[html5.gamedistribution.com/rvvASMiM/3b79a8537ebc414fb4f9672a9b8c68c8/TemplateData/favicon.ico]
[html5.gamedistribution.com/rvvASMiM/3b79a8537ebc414fb4f9672a9b8c68c8/TemplateData/style.css]
[html5.gamedistribution.com/rvvASMiM/3b79a8537ebc414fb4f9672a9b8c68c8/TemplateData/UnityProgress.js]
[html5.gamedistribution.com/rvvASMiM/3b79a8537ebc414fb4f9672a9b8c68c8/indexe55e.html]
[html5.gamedistribution.com/rvvASMiM/3b79a8537ebc414fb4f9672a9b8c68c8/Build/UnityLoader.js]
[html5.gamedistribution.com/rvvASMiM/3b79a8537ebc414fb4f9672a9b8c68c8/TemplateData/logo.png]
[html5.gamedistribution.com/rvvASMiM/3b79a8537ebc414fb4f9672a9b8c68c8/TemplateData/progressEmpty.Light.png]
[html5.gamedistribution.com/rvvASMiM/3b79a8537ebc414fb4f9672a9b8c68c8/TemplateData/progressFull.Light.png]
[html5.gamedistribution.com/rvvASMiM/3b79a8537ebc414fb4f9672a9b8c68c8/TemplateData/webgl-logo.png]
[html5.gamedistribution.com/rvvASMiM/3b79a8537ebc414fb4f9672a9b8c68c8/TemplateData/fullscreen.png]
[html5.gamedistribution.com/rvvASMiM/3b79a8537ebc414fb4f9672a9b8c68c8/TemplateData/style.css]
